// Jest Snapshot v1, https://goo.gl/fbAQLP

exports[`Should render Filter correctly 1`] = `
<ul
  className="catalog__genres-list"
>
  <li
    className="catalog__genres-item  catalog__genres-item--active"
  >
    <a
      className="catalog__genres-link"
      href="#"
    >
      Drama
    </a>
  </li>
  <li
    className="catalog__genres-item"
  >
    <a
      className="catalog__genres-link"
      href="#"
    >
      Comedy
    </a>
  </li>
</ul>
`;
