// Jest Snapshot v1, https://goo.gl/fbAQLP

exports[`withFilter is rendered correctly 1`] = `
<p>
  No such page...
</p>
`;
