// Jest Snapshot v1, https://goo.gl/fbAQLP

exports[`Should Avatar render correctly 1`] = `
<a
  href="/mylist"
  onClick={[Function]}
>
  <div
    className="user-block__avatar"
  >
    <img
      alt="User avatar"
      height="63"
      src="img/avatar.jpg"
      width="63"
    />
  </div>
</a>
`;
